.next/types/app/api/orders/[id]/invoice/route.ts(49,7): error TS2344: Type '{ __tag__: "GET"; __param_position__: "second"; __param_type__: { params: { id: string; }; }; }' does not satisfy the constraint 'ParamCheck<RouteContext>'.
  The types of '__param_type__.params' are incompatible between these types.
    Type '{ id: string; }' is missing the following properties from type 'Promise<any>': then, catch, finally, [Symbol.toStringTag]
src/app/(main)/special-offers/page.tsx(15,22): error TS7053: Element implicitly has an 'any' type because expression of type 'Language' can't be used to index type '{ uz: string; ru: string; en: string; qr: string; zh: string; tr: string; }'.
  Property 'tg' does not exist on type '{ uz: string; ru: string; en: string; qr: string; zh: string; tr: string; }'.
src/components/Footer.tsx(191,43): error TS2322: Type 'number' is not assignable to type 'never'.
src/components/Footer.tsx(191,53): error TS2322: Type 'string' is not assignable to type 'never'.
src/lib/ai-knowledge.ts(14,9): error TS2739: Type '{ uz: string[]; ru: string[]; en: string[]; qr: string[]; zh: string[]; tr: string[]; }' is missing the following properties from type 'Record<Language, string[]>': tg, kk, tk, fa
src/lib/ai-knowledge.ts(22,9): error TS2739: Type '{ uz: string; ru: string; en: string; qr: string; zh: string; tr: string; }' is missing the following properties from type 'Record<Language, string>': tg, kk, tk, fa
src/lib/ai-knowledge.ts(33,9): error TS2739: Type '{ uz: string[]; ru: string[]; en: string[]; qr: string[]; zh: string[]; tr: string[]; }' is missing the following properties from type 'Record<Language, string[]>': tg, kk, tk, fa
src/lib/ai-knowledge.ts(41,9): error TS2739: Type '{ uz: string; ru: string; en: string; qr: string; zh: string; tr: string; }' is missing the following properties from type 'Record<Language, string>': tg, kk, tk, fa
src/lib/ai-knowledge.ts(52,9): error TS2739: Type '{ uz: string[]; ru: string[]; en: string[]; qr: string[]; zh: string[]; tr: string[]; }' is missing the following properties from type 'Record<Language, string[]>': tg, kk, tk, fa
src/lib/ai-knowledge.ts(60,9): error TS2739: Type '{ uz: string; ru: string; en: string; qr: string; zh: string; tr: string; }' is missing the following properties from type 'Record<Language, string>': tg, kk, tk, fa
src/lib/ai-knowledge.ts(71,9): error TS2739: Type '{ uz: string[]; ru: string[]; en: string[]; qr: string[]; zh: string[]; tr: string[]; }' is missing the following properties from type 'Record<Language, string[]>': tg, kk, tk, fa
src/lib/ai-knowledge.ts(79,9): error TS2739: Type '{ uz: string; ru: string; en: string; qr: string; zh: string; tr: string; }' is missing the following properties from type 'Record<Language, string>': tg, kk, tk, fa
src/lib/ai-knowledge.ts(90,9): error TS2739: Type '{ uz: string[]; ru: string[]; en: string[]; qr: string[]; zh: string[]; tr: string[]; }' is missing the following properties from type 'Record<Language, string[]>': tg, kk, tk, fa
src/lib/ai-knowledge.ts(98,9): error TS2739: Type '{ uz: string; ru: string; en: string; qr: string; zh: string; tr: string; }' is missing the following properties from type 'Record<Language, string>': tg, kk, tk, fa
src/lib/ai-knowledge.ts(109,9): error TS2739: Type '{ uz: string[]; ru: string[]; en: string[]; qr: string[]; zh: string[]; tr: string[]; }' is missing the following properties from type 'Record<Language, string[]>': tg, kk, tk, fa
src/lib/ai-knowledge.ts(117,9): error TS2739: Type '{ uz: string; ru: string; en: string; qr: string; zh: string; tr: string; }' is missing the following properties from type 'Record<Language, string>': tg, kk, tk, fa
src/lib/ai-knowledge.ts(128,9): error TS2739: Type '{ uz: string[]; ru: string[]; en: string[]; qr: string[]; zh: string[]; tr: string[]; }' is missing the following properties from type 'Record<Language, string[]>': tg, kk, tk, fa
src/lib/ai-knowledge.ts(136,9): error TS2739: Type '{ uz: string; ru: string; en: string; qr: string; zh: string; tr: string; }' is missing the following properties from type 'Record<Language, string>': tg, kk, tk, fa
src/lib/ai-knowledge.ts(147,9): error TS2739: Type '{ uz: string[]; ru: string[]; en: string[]; qr: string[]; zh: string[]; tr: string[]; }' is missing the following properties from type 'Record<Language, string[]>': tg, kk, tk, fa
src/lib/ai-knowledge.ts(155,9): error TS2739: Type '{ uz: string; ru: string; en: string; qr: string; zh: string; tr: string; }' is missing the following properties from type 'Record<Language, string>': tg, kk, tk, fa
src/lib/ai-knowledge.ts(166,9): error TS2739: Type '{ uz: string[]; ru: string[]; en: string[]; qr: string[]; zh: string[]; tr: string[]; }' is missing the following properties from type 'Record<Language, string[]>': tg, kk, tk, fa
src/lib/ai-knowledge.ts(174,9): error TS2739: Type '{ uz: string; ru: string; en: string; qr: string; zh: string; tr: string; }' is missing the following properties from type 'Record<Language, string>': tg, kk, tk, fa
src/lib/ai-knowledge.ts(185,9): error TS2739: Type '{ uz: string[]; ru: string[]; en: string[]; qr: string[]; zh: string[]; tr: string[]; }' is missing the following properties from type 'Record<Language, string[]>': tg, kk, tk, fa
src/lib/ai-knowledge.ts(193,9): error TS2739: Type '{ uz: string; ru: string; en: string; qr: string; zh: string; tr: string; }' is missing the following properties from type 'Record<Language, string>': tg, kk, tk, fa
src/lib/ai-knowledge.ts(204,9): error TS2739: Type '{ uz: string[]; ru: string[]; en: string[]; qr: string[]; zh: string[]; tr: string[]; }' is missing the following properties from type 'Record<Language, string[]>': tg, kk, tk, fa
src/lib/ai-knowledge.ts(212,9): error TS2739: Type '{ uz: string; ru: string; en: string; qr: string; zh: string; tr: string; }' is missing the following properties from type 'Record<Language, string>': tg, kk, tk, fa
src/lib/ai-knowledge.ts(223,9): error TS2739: Type '{ uz: string[]; ru: string[]; en: string[]; qr: string[]; zh: string[]; tr: string[]; }' is missing the following properties from type 'Record<Language, string[]>': tg, kk, tk, fa
src/lib/ai-knowledge.ts(231,9): error TS2739: Type '{ uz: string; ru: string; en: string; qr: string; zh: string; tr: string; }' is missing the following properties from type 'Record<Language, string>': tg, kk, tk, fa
src/lib/ai-knowledge.ts(242,9): error TS2739: Type '{ uz: string[]; ru: string[]; en: string[]; qr: string[]; zh: string[]; tr: string[]; }' is missing the following properties from type 'Record<Language, string[]>': tg, kk, tk, fa
src/lib/ai-knowledge.ts(250,9): error TS2739: Type '{ uz: string; ru: string; en: string; qr: string; zh: string; tr: string; }' is missing the following properties from type 'Record<Language, string>': tg, kk, tk, fa
src/lib/ai-knowledge.ts(261,9): error TS2739: Type '{ uz: string[]; ru: string[]; en: string[]; qr: string[]; zh: string[]; tr: string[]; }' is missing the following properties from type 'Record<Language, string[]>': tg, kk, tk, fa
src/lib/ai-knowledge.ts(269,9): error TS2739: Type '{ uz: string; ru: string; en: string; qr: string; zh: string; tr: string; }' is missing the following properties from type 'Record<Language, string>': tg, kk, tk, fa
src/lib/ai-knowledge.ts(280,9): error TS2739: Type '{ uz: string[]; ru: string[]; en: string[]; qr: string[]; zh: string[]; tr: string[]; }' is missing the following properties from type 'Record<Language, string[]>': tg, kk, tk, fa
src/lib/ai-knowledge.ts(288,9): error TS2739: Type '{ uz: string; ru: string; en: string; qr: string; zh: string; tr: string; }' is missing the following properties from type 'Record<Language, string>': tg, kk, tk, fa
src/lib/ai-knowledge.ts(299,14): error TS2739: Type '{ uz: string; ru: string; en: string; qr: string; zh: string; tr: string; }' is missing the following properties from type 'Record<Language, string>': tg, kk, tk, fa
src/lib/auth.ts(43,33): error TS2339: Property 'email' does not exist on type '{ id: number; name: string; createdAt: Date; updatedAt: Date; phone: string; passwordHash: string; role: string; isActive: boolean; }'.
src/lib/catalog-data.ts(15,43): error TS2739: Type '{ uz: string; ru: string; en: string; qr: string; zh: string; tr: string; }' is missing the following properties from type 'Record<Language, string>': tg, kk, tk, fa
src/lib/catalog-data.ts(16,43): error TS2739: Type '{ uz: string; ru: string; en: string; qr: string; zh: string; tr: string; }' is missing the following properties from type 'Record<Language, string>': tg, kk, tk, fa
src/lib/catalog-data.ts(17,46): error TS2739: Type '{ uz: string; ru: string; en: string; qr: string; zh: string; tr: string; }' is missing the following properties from type 'Record<Language, string>': tg, kk, tk, fa
src/lib/catalog-data.ts(18,37): error TS2739: Type '{ uz: string; ru: string; en: string; qr: string; zh: string; tr: string; }' is missing the following properties from type 'Record<Language, string>': tg, kk, tk, fa
src/lib/catalog-data.ts(19,41): error TS2739: Type '{ uz: string; ru: string; en: string; qr: string; zh: string; tr: string; }' is missing the following properties from type 'Record<Language, string>': tg, kk, tk, fa
src/lib/catalog-data.ts(20,36): error TS2739: Type '{ uz: string; ru: string; en: string; qr: string; zh: string; tr: string; }' is missing the following properties from type 'Record<Language, string>': tg, kk, tk, fa
src/lib/catalog-data.ts(21,41): error TS2739: Type '{ uz: string; ru: string; en: string; qr: string; zh: string; tr: string; }' is missing the following properties from type 'Record<Language, string>': tg, kk, tk, fa
src/lib/catalog-data.ts(22,46): error TS2739: Type '{ uz: string; ru: string; en: string; qr: string; zh: string; tr: string; }' is missing the following properties from type 'Record<Language, string>': tg, kk, tk, fa
src/lib/catalog-data.ts(23,36): error TS2739: Type '{ uz: string; ru: string; en: string; qr: string; zh: string; tr: string; }' is missing the following properties from type 'Record<Language, string>': tg, kk, tk, fa
src/lib/catalog-data.ts(24,39): error TS2739: Type '{ uz: string; ru: string; en: string; qr: string; zh: string; tr: string; }' is missing the following properties from type 'Record<Language, string>': tg, kk, tk, fa
src/lib/catalog-data.ts(25,35): error TS2739: Type '{ uz: string; ru: string; en: string; qr: string; zh: string; tr: string; }' is missing the following properties from type 'Record<Language, string>': tg, kk, tk, fa
src/lib/catalog-data.ts(26,48): error TS2739: Type '{ uz: string; ru: string; en: string; qr: string; zh: string; tr: string; }' is missing the following properties from type 'Record<Language, string>': tg, kk, tk, fa
src/lib/catalog-data.ts(27,55): error TS2739: Type '{ uz: string; ru: string; en: string; qr: string; zh: string; tr: string; }' is missing the following properties from type 'Record<Language, string>': tg, kk, tk, fa
src/lib/catalog-data.ts(28,44): error TS2739: Type '{ uz: string; ru: string; en: string; qr: string; zh: string; tr: string; }' is missing the following properties from type 'Record<Language, string>': tg, kk, tk, fa
src/lib/catalog-data.ts(29,56): error TS2739: Type '{ uz: string; ru: string; en: string; qr: string; zh: string; tr: string; }' is missing the following properties from type 'Record<Language, string>': tg, kk, tk, fa
src/lib/catalog-data.ts(30,47): error TS2739: Type '{ uz: string; ru: string; en: string; qr: string; zh: string; tr: string; }' is missing the following properties from type 'Record<Language, string>': tg, kk, tk, fa
src/lib/catalog-data.ts(31,45): error TS2739: Type '{ uz: string; ru: string; en: string; qr: string; zh: string; tr: string; }' is missing the following properties from type 'Record<Language, string>': tg, kk, tk, fa
src/lib/catalog-data.ts(32,40): error TS2739: Type '{ uz: string; ru: string; en: string; qr: string; zh: string; tr: string; }' is missing the following properties from type 'Record<Language, string>': tg, kk, tk, fa
src/lib/catalog-data.ts(33,48): error TS2739: Type '{ uz: string; ru: string; en: string; qr: string; zh: string; tr: string; }' is missing the following properties from type 'Record<Language, string>': tg, kk, tk, fa
src/lib/catalog-data.ts(34,41): error TS2739: Type '{ uz: string; ru: string; en: string; qr: string; zh: string; tr: string; }' is missing the following properties from type 'Record<Language, string>': tg, kk, tk, fa
src/lib/catalog-data.ts(35,38): error TS2739: Type '{ uz: string; ru: string; en: string; qr: string; zh: string; tr: string; }' is missing the following properties from type 'Record<Language, string>': tg, kk, tk, fa
src/lib/catalog-data.ts(36,43): error TS2739: Type '{ uz: string; ru: string; en: string; qr: string; zh: string; tr: string; }' is missing the following properties from type 'Record<Language, string>': tg, kk, tk, fa
src/lib/catalog-data.ts(37,38): error TS2739: Type '{ uz: string; ru: string; en: string; qr: string; zh: string; tr: string; }' is missing the following properties from type 'Record<Language, string>': tg, kk, tk, fa
src/lib/catalog-data.ts(38,43): error TS2739: Type '{ uz: string; ru: string; en: string; qr: string; zh: string; tr: string; }' is missing the following properties from type 'Record<Language, string>': tg, kk, tk, fa
src/lib/catalog-data.ts(39,46): error TS2739: Type '{ uz: string; ru: string; en: string; qr: string; zh: string; tr: string; }' is missing the following properties from type 'Record<Language, string>': tg, kk, tk, fa
src/lib/catalog-data.ts(40,40): error TS2739: Type '{ uz: string; ru: string; en: string; qr: string; zh: string; tr: string; }' is missing the following properties from type 'Record<Language, string>': tg, kk, tk, fa
src/lib/catalog-data.ts(41,51): error TS2739: Type '{ uz: string; ru: string; en: string; qr: string; zh: string; tr: string; }' is missing the following properties from type 'Record<Language, string>': tg, kk, tk, fa
src/lib/catalog-data.ts(42,51): error TS2739: Type '{ uz: string; ru: string; en: string; qr: string; zh: string; tr: string; }' is missing the following properties from type 'Record<Language, string>': tg, kk, tk, fa
src/lib/catalog-data.ts(43,52): error TS2739: Type '{ uz: string; ru: string; en: string; qr: string; zh: string; tr: string; }' is missing the following properties from type 'Record<Language, string>': tg, kk, tk, fa
src/lib/catalog-data.ts(44,43): error TS2739: Type '{ uz: string; ru: string; en: string; qr: string; zh: string; tr: string; }' is missing the following properties from type 'Record<Language, string>': tg, kk, tk, fa
src/lib/catalog-data.ts(45,50): error TS2739: Type '{ uz: string; ru: string; en: string; qr: string; zh: string; tr: string; }' is missing the following properties from type 'Record<Language, string>': tg, kk, tk, fa
src/lib/catalog-data.ts(46,36): error TS2739: Type '{ uz: string; ru: string; en: string; qr: string; zh: string; tr: string; }' is missing the following properties from type 'Record<Language, string>': tg, kk, tk, fa
src/lib/catalog-data.ts(47,35): error TS2739: Type '{ uz: string; ru: string; en: string; qr: string; zh: string; tr: string; }' is missing the following properties from type 'Record<Language, string>': tg, kk, tk, fa
src/lib/catalog-data.ts(48,38): error TS2739: Type '{ uz: string; ru: string; en: string; qr: string; zh: string; tr: string; }' is missing the following properties from type 'Record<Language, string>': tg, kk, tk, fa
src/lib/catalog-data.ts(49,42): error TS2739: Type '{ uz: string; ru: string; en: string; qr: string; zh: string; tr: string; }' is missing the following properties from type 'Record<Language, string>': tg, kk, tk, fa
src/lib/catalog-data.ts(50,33): error TS2739: Type '{ uz: string; ru: string; en: string; qr: string; zh: string; tr: string; }' is missing the following properties from type 'Record<Language, string>': tg, kk, tk, fa
src/lib/catalog-data.ts(51,37): error TS2739: Type '{ uz: string; ru: string; en: string; qr: string; zh: string; tr: string; }' is missing the following properties from type 'Record<Language, string>': tg, kk, tk, fa
src/lib/catalog-data.ts(52,36): error TS2739: Type '{ uz: string; ru: string; en: string; qr: string; zh: string; tr: string; }' is missing the following properties from type 'Record<Language, string>': tg, kk, tk, fa
src/lib/catalog-data.ts(53,43): error TS2739: Type '{ uz: string; ru: string; en: string; qr: string; zh: string; tr: string; }' is missing the following properties from type 'Record<Language, string>': tg, kk, tk, fa
src/lib/catalog-data.ts(54,34): error TS2739: Type '{ uz: string; ru: string; en: string; qr: string; zh: string; tr: string; }' is missing the following properties from type 'Record<Language, string>': tg, kk, tk, fa
